Partial/Required:  5.26, Required:    400.0, Partial:  2104.78, Net: net3192, Pin: _27219_/A1, Layer: met1
Partial/Required:  4.00, Required:    400.0, Partial:  1601.22, Net: net1815, Pin: _29800_/A0, Layer: met1
Partial/Required:  3.77, Required:    400.0, Partial:  1507.78, Net: net2228, Pin: _26487_/C, Layer: met1
Partial/Required:  2.74, Required:    400.0, Partial:  1094.43, Net: clknet_1_1__leaf_gpio_in[4], Pin: _28605_/A1, Layer: met1
Partial/Required:  1.90, Required:    400.0, Partial:   758.83, Net: net1073, Pin: _26885_/A2, Layer: met1
Partial/Required:  1.70, Required:    400.0, Partial:   680.32, Net: net2199, Pin: _19087_/B, Layer: met1
Partial/Required:  1.67, Required:    400.0, Partial:   668.86, Net: net1481, Pin: fanout1474/A, Layer: met1
Partial/Required:  1.48, Required:    400.0, Partial:   593.54, Net: net1734, Pin: _19433_/A3, Layer: met1
Partial/Required:  1.48, Required:    400.0, Partial:   590.22, Net: net3134, Pin: _26161_/A1, Layer: met1
Partial/Required:  1.47, Required:    400.0, Partial:   589.24, Net: net1518, Pin: _27115_/B, Layer: met1
Partial/Required:  1.35, Required:   5051.6, Partial:   6844.9, Net: hkspi.pass_thru_csb, Pin: _30469_/A1, Layer: met3
Partial/Required:  1.30, Required:    400.0, Partial:   518.17, Net: net697, Pin: _27461_/S, Layer: met1
Partial/Required:  1.28, Required:   4695.2, Partial:  5991.62, Net: net2209, Pin: _19027_/D, Layer: met4
Partial/Required:  1.27, Required:    400.0, Partial:   509.33, Net: counter_timer_1.counter_timer_high_inst.reg_val_do\[27\], Pin: hold15454/A, Layer: met1
Partial/Required:  1.27, Required:  3486.68, Partial:  4413.03, Net: net1941, Pin: _17740_/A1, Layer: met4
Partial/Required:  1.26, Required:    400.0, Partial:   504.89, Net: genblk1\[19\].gpio_wb.gpio_ctrl.iomem_rdata\[4\], Pin: hold12048/A, Layer: met1
Partial/Required:  1.23, Required:    400.0, Partial:   491.22, Net: net1956, Pin: _26855_/A, Layer: met1
Partial/Required:  1.20, Required:    400.0, Partial:   478.22, Net: net2639, Pin: _20735_/B1, Layer: met1
Partial/Required:  1.18, Required:    400.0, Partial:   473.12, Net: net2718, Pin: _24263_/B1, Layer: met1
Partial/Required:  1.15, Required:    400.0, Partial:   458.89, Net: _06103_, Pin: hold8458/A, Layer: met1
Partial/Required:  1.13, Required:    400.0, Partial:   450.38, Net: net8669, Pin: _29197_/A1, Layer: met1
Partial/Required:  1.11, Required:  3130.28, Partial:  3471.96, Net: net1432, Pin: wire1431/A, Layer: met3
Partial/Required:  1.11, Required:    400.0, Partial:   443.44, Net: net803, Pin: _26396_/B, Layer: met1
Partial/Required:  1.09, Required:    400.0, Partial:   435.61, Net: net292, Pin: wire1550/A, Layer: met1
Partial/Required:  1.07, Required:  4105.56, Partial:  4400.76, Net: net3013, Pin: _26653_/A1, Layer: met4
Partial/Required:  1.06, Required:  3130.28, Partial:  3316.75, Net: net2918, Pin: _27982_/A1, Layer: met3
Partial/Required:  1.05, Required:    400.0, Partial:   419.43, Net: _08845_, Pin: hold3230/A, Layer: met3
Partial/Required:  1.04, Required:    400.0, Partial:   415.67, Net: net3254, Pin: _27079_/A, Layer: met1
Partial/Required:  1.03, Required:  3130.28, Partial:  3232.24, Net: net1427, Pin: wire1426/A, Layer: met3
Partial/Required:  1.01, Required:  3130.28, Partial:   3175.0, Net: net1344, Pin: _27159_/C, Layer: met1
Partial/Required:  1.01, Required:  3130.28, Partial:  3150.22, Net: _04936_, Pin: _30455_/A0, Layer: met3
Partial/Required:  1.00, Required:    400.0, Partial:   401.78, Net: net1275, Pin: _27390_/S, Layer: met1
